ERROR - 2026-10-06 12:35:58 --> Error connecting to the database: mysqli_sql_exception: Access denied for user 'root'@'localhost' (using password: NO) in /Applications/MAMP/htdocs/codeigniter4Julian/system/Database/MySQLi/Connection.php:186
Stack trace:
#0 /Applications/MAMP/htdocs/codeigniter4Julian/system/Database/MySQLi/Connection.php(186): mysqli->real_connect('localhost', 'root', Object(SensitiveParameterValue), 'electriccompany', 3306, '', 0)
#1 /Applications/MAMP/htdocs/codeigniter4Julian/system/Database/BaseConnection.php(421): CodeIgniter\Database\MySQLi\Connection->connect(false)
#2 /Applications/MAMP/htdocs/codeigniter4Julian/system/Database/BaseConnection.php(616): CodeIgniter\Database\BaseConnection->initialize()
#3 /Applications/MAMP/htdocs/codeigniter4Julian/system/Database/BaseBuilder.php(1644): CodeIgniter\Database\BaseConnection->query('SELECT 1\nFROM `...', Array, false)
#4 /Applications/MAMP/htdocs/codeigniter4Julian/system/Validation/StrictRules/Rules.php(232): CodeIgniter\Database\BaseBuilder->get()
#5 /Applications/MAMP/htdocs/codeigniter4Julian/system/Validation/Validation.php(339): CodeIgniter\Validation\StrictRules\Rules->is_unique('juliangaspar@gm...', 'email', Array, NULL, 'email')
#6 /Applications/MAMP/htdocs/codeigniter4Julian/system/Validation/Validation.php(204): CodeIgniter\Validation\Validation->processRules('email', 'email', 'juliangaspar@gm...', Array, Array, 'email')
#7 /Applications/MAMP/htdocs/codeigniter4Julian/app/Controllers/Register.php(47): CodeIgniter\Validation\Validation->run()
#8 /Applications/MAMP/htdocs/codeigniter4Julian/system/CodeIgniter.php(933): App\Controllers\Register->create()
#9 /Applications/MAMP/htdocs/codeigniter4Julian/system/CodeIgniter.php(509): CodeIgniter\CodeIgniter->runController(Object(App\Controllers\Register))
#10 /Applications/MAMP/htdocs/codeigniter4Julian/system/CodeIgniter.php(355): CodeIgniter\CodeIgniter->handleRequest(NULL, Object(Config\Cache), false)
#11 /Applications/MAMP/htdocs/codeigniter4Julian/system/Boot.php(325): CodeIgniter\CodeIgniter->run()
#12 /Applications/MAMP/htdocs/codeigniter4Julian/system/Boot.php(67): CodeIgniter\Boot::runCodeIgniter(Object(CodeIgniter\CodeIgniter))
#13 /Applications/MAMP/htdocs/codeigniter4Julian/index.php(56): CodeIgniter\Boot::bootWeb(Object(Config\Paths))
#14 {main}

Next CodeIgniter\Database\Exceptions\DatabaseException: Access denied for user '****'@'localhost' (using password: NO) in /Applications/MAMP/htdocs/codeigniter4Julian/system/Database/MySQLi/Connection.php:231
Stack trace:
#0 /Applications/MAMP/htdocs/codeigniter4Julian/system/Database/BaseConnection.php(421): CodeIgniter\Database\MySQLi\Connection->connect(false)
#1 /Applications/MAMP/htdocs/codeigniter4Julian/system/Database/BaseConnection.php(616): CodeIgniter\Database\BaseConnection->initialize()
#2 /Applications/MAMP/htdocs/codeigniter4Julian/system/Database/BaseBuilder.php(1644): CodeIgniter\Database\BaseConnection->query('SELECT 1\nFROM `...', Array, false)
#3 /Applications/MAMP/htdocs/codeigniter4Julian/system/Validation/StrictRules/Rules.php(232): CodeIgniter\Database\BaseBuilder->get()
#4 /Applications/MAMP/htdocs/codeigniter4Julian/system/Validation/Validation.php(339): CodeIgniter\Validation\StrictRules\Rules->is_unique('juliangaspar@gm...', 'email', Array, NULL, 'email')
#5 /Applications/MAMP/htdocs/codeigniter4Julian/system/Validation/Validation.php(204): CodeIgniter\Validation\Validation->processRules('email', 'email', 'juliangaspar@gm...', Array, Array, 'email')
#6 /Applications/MAMP/htdocs/codeigniter4Julian/app/Controllers/Register.php(47): CodeIgniter\Validation\Validation->run()
#7 /Applications/MAMP/htdocs/codeigniter4Julian/system/CodeIgniter.php(933): App\Controllers\Register->create()
#8 /Applications/MAMP/htdocs/codeigniter4Julian/system/CodeIgniter.php(509): CodeIgniter\CodeIgniter->runController(Object(App\Controllers\Register))
#9 /Applications/MAMP/htdocs/codeigniter4Julian/system/CodeIgniter.php(355): CodeIgniter\CodeIgniter->handleRequest(NULL, Object(Config\Cache), false)
#10 /Applications/MAMP/htdocs/codeigniter4Julian/system/Boot.php(325): CodeIgniter\CodeIgniter->run()
#11 /Applications/MAMP/htdocs/codeigniter4Julian/system/Boot.php(67): CodeIgniter\Boot::runCodeIgniter(Object(CodeIgniter\CodeIgniter))
#12 /Applications/MAMP/htdocs/codeigniter4Julian/index.php(56): CodeIgniter\Boot::bootWeb(Object(Config\Paths))
#13 {main}
CRITICAL - 2026-10-06 12:35:58 --> CodeIgniter\Database\Exceptions\DatabaseException: Unable to connect to the database.
Main connection [MySQLi]: Access denied for user '****'@'localhost' (using password: NO)
[Method: POST, Route: register]
in SYSTEMPATH/Database/BaseConnection.php on line 467.
 1 SYSTEMPATH/Database/BaseConnection.php(616): CodeIgniter\Database\BaseConnection->initialize()
 2 SYSTEMPATH/Database/BaseBuilder.php(1644): CodeIgniter\Database\BaseConnection->query('SELECT 1
FROM `users`
WHERE `email` = :email:
 LIMIT 1', [...], false)
 3 SYSTEMPATH/Validation/StrictRules/Rules.php(232): CodeIgniter\Database\BaseBuilder->get()
 4 SYSTEMPATH/Validation/Validation.php(339): CodeIgniter\Validation\StrictRules\Rules->is_unique('juliangaspar@gmail.com', 'email', [...], null, 'email')
 5 SYSTEMPATH/Validation/Validation.php(204): CodeIgniter\Validation\Validation->processRules('email', 'email', 'juliangaspar@gmail.com', [...], [...], 'email')
 6 APPPATH/Controllers/Register.php(47): CodeIgniter\Validation\Validation->run()
 7 SYSTEMPATH/CodeIgniter.php(933): App\Controllers\Register->create()
 8 SYSTEMPATH/CodeIgniter.php(509): CodeIgniter\CodeIgniter->runController(Object(App\Controllers\Register))
 9 SYSTEMPATH/CodeIgniter.php(355): CodeIgniter\CodeIgniter->handleRequest(null, Object(Config\Cache), false)
10 SYSTEMPATH/Boot.php(325): CodeIgniter\CodeIgniter->run()
11 SYSTEMPATH/Boot.php(67): CodeIgniter\Boot::runCodeIgniter(Object(CodeIgniter\CodeIgniter))
12 FCPATH/index.php(56): CodeIgniter\Boot::bootWeb(Object(Config\Paths))
ERROR - 2026-10-06 12:38:59 --> Error connecting to the database: mysqli_sql_exception: Operation not permitted in /Applications/MAMP/htdocs/codeigniter4Julian/system/Database/MySQLi/Connection.php:186
Stack trace:
#0 /Applications/MAMP/htdocs/codeigniter4Julian/system/Database/MySQLi/Connection.php(186): mysqli->real_connect('localhost', 'root', Object(SensitiveParameterValue), 'electriccompany', 8889, '', 0)
#1 /Applications/MAMP/htdocs/codeigniter4Julian/system/Database/BaseConnection.php(421): CodeIgniter\Database\MySQLi\Connection->connect(false)
#2 /Applications/MAMP/htdocs/codeigniter4Julian/system/Database/BaseConnection.php(616): CodeIgniter\Database\BaseConnection->initialize()
#3 /Applications/MAMP/htdocs/codeigniter4Julian/system/Database/BaseConnection.php(1485): CodeIgniter\Database\BaseConnection->query('SHOW TABLES FRO...')
#4 /Applications/MAMP/htdocs/codeigniter4Julian/system/Database/BaseConnection.php(1505): CodeIgniter\Database\BaseConnection->listTables()
#5 /Applications/MAMP/htdocs/codeigniter4Julian/system/Database/MigrationRunner.php(759): CodeIgniter\Database\BaseConnection->tableExists('migrations')
#6 /Applications/MAMP/htdocs/codeigniter4Julian/system/Database/MigrationRunner.php(639): CodeIgniter\Database\MigrationRunner->ensureTable()
#7 /Applications/MAMP/htdocs/codeigniter4Julian/system/Commands/Database/MigrateStatus.php(115): CodeIgniter\Database\MigrationRunner->getHistory('')
#8 /Applications/MAMP/htdocs/codeigniter4Julian/system/CLI/Commands.php(70): CodeIgniter\Commands\Database\MigrateStatus->run(Array)
#9 /Applications/MAMP/htdocs/codeigniter4Julian/system/CLI/Console.php(48): CodeIgniter\CLI\Commands->run('migrate:status', Array)
#10 /Applications/MAMP/htdocs/codeigniter4Julian/system/Boot.php(351): CodeIgniter\CLI\Console->run()
#11 /Applications/MAMP/htdocs/codeigniter4Julian/system/Boot.php(104): CodeIgniter\Boot::runCommand(Object(CodeIgniter\CLI\Console))
#12 /Applications/MAMP/htdocs/codeigniter4Julian/spark(84): CodeIgniter\Boot::bootSpark(Object(Config\Paths))
#13 {main}

Next CodeIgniter\Database\Exceptions\DatabaseException: Operation not permitted in /Applications/MAMP/htdocs/codeigniter4Julian/system/Database/MySQLi/Connection.php:231
Stack trace:
#0 /Applications/MAMP/htdocs/codeigniter4Julian/system/Database/BaseConnection.php(421): CodeIgniter\Database\MySQLi\Connection->connect(false)
#1 /Applications/MAMP/htdocs/codeigniter4Julian/system/Database/BaseConnection.php(616): CodeIgniter\Database\BaseConnection->initialize()
#2 /Applications/MAMP/htdocs/codeigniter4Julian/system/Database/BaseConnection.php(1485): CodeIgniter\Database\BaseConnection->query('SHOW TABLES FRO...')
#3 /Applications/MAMP/htdocs/codeigniter4Julian/system/Database/BaseConnection.php(1505): CodeIgniter\Database\BaseConnection->listTables()
#4 /Applications/MAMP/htdocs/codeigniter4Julian/system/Database/MigrationRunner.php(759): CodeIgniter\Database\BaseConnection->tableExists('migrations')
#5 /Applications/MAMP/htdocs/codeigniter4Julian/system/Database/MigrationRunner.php(639): CodeIgniter\Database\MigrationRunner->ensureTable()
#6 /Applications/MAMP/htdocs/codeigniter4Julian/system/Commands/Database/MigrateStatus.php(115): CodeIgniter\Database\MigrationRunner->getHistory('')
#7 /Applications/MAMP/htdocs/codeigniter4Julian/system/CLI/Commands.php(70): CodeIgniter\Commands\Database\MigrateStatus->run(Array)
#8 /Applications/MAMP/htdocs/codeigniter4Julian/system/CLI/Console.php(48): CodeIgniter\CLI\Commands->run('migrate:status', Array)
#9 /Applications/MAMP/htdocs/codeigniter4Julian/system/Boot.php(351): CodeIgniter\CLI\Console->run()
#10 /Applications/MAMP/htdocs/codeigniter4Julian/system/Boot.php(104): CodeIgniter\Boot::runCommand(Object(CodeIgniter\CLI\Console))
#11 /Applications/MAMP/htdocs/codeigniter4Julian/spark(84): CodeIgniter\Boot::bootSpark(Object(Config\Paths))
#12 {main}
CRITICAL - 2026-10-06 12:38:59 --> CodeIgniter\Database\Exceptions\DatabaseException: Unable to connect to the database.
Main connection [MySQLi]: Operation not permitted
[Method: CLI, Route: migrate:status]
in SYSTEMPATH/Database/BaseConnection.php on line 467.
 1 SYSTEMPATH/Database/BaseConnection.php(616): CodeIgniter\Database\BaseConnection->initialize()
 2 SYSTEMPATH/Database/BaseConnection.php(1485): CodeIgniter\Database\BaseConnection->query('SHOW TABLES FROM `electriccompany`')
 3 SYSTEMPATH/Database/BaseConnection.php(1505): CodeIgniter\Database\BaseConnection->listTables()
 4 SYSTEMPATH/Database/MigrationRunner.php(759): CodeIgniter\Database\BaseConnection->tableExists('migrations')
 5 SYSTEMPATH/Database/MigrationRunner.php(639): CodeIgniter\Database\MigrationRunner->ensureTable()
 6 SYSTEMPATH/Commands/Database/MigrateStatus.php(115): CodeIgniter\Database\MigrationRunner->getHistory('')
 7 SYSTEMPATH/CLI/Commands.php(70): CodeIgniter\Commands\Database\MigrateStatus->run([])
 8 SYSTEMPATH/CLI/Console.php(48): CodeIgniter\CLI\Commands->run('migrate:status', [])
 9 SYSTEMPATH/Boot.php(351): CodeIgniter\CLI\Console->run()
10 SYSTEMPATH/Boot.php(104): CodeIgniter\Boot::runCommand(Object(CodeIgniter\CLI\Console))
11 ROOTPATH/spark(84): CodeIgniter\Boot::bootSpark(Object(Config\Paths))
ERROR - 2026-10-06 12:39:28 --> mysqli_sql_exception: Table 'users' already exists in /Applications/MAMP/htdocs/codeigniter4Julian/system/Database/MySQLi/Connection.php:312
Stack trace:
#0 /Applications/MAMP/htdocs/codeigniter4Julian/system/Database/MySQLi/Connection.php(312): mysqli->query('CREATE TABLE `u...', 0)
#1 /Applications/MAMP/htdocs/codeigniter4Julian/system/Database/BaseConnection.php(734): CodeIgniter\Database\MySQLi\Connection->execute('CREATE TABLE `u...')
#2 /Applications/MAMP/htdocs/codeigniter4Julian/system/Database/BaseConnection.php(648): CodeIgniter\Database\BaseConnection->simpleQuery('CREATE TABLE `u...')
#3 /Applications/MAMP/htdocs/codeigniter4Julian/system/Database/Forge.php(570): CodeIgniter\Database\BaseConnection->query('CREATE TABLE `u...')
#4 /Applications/MAMP/htdocs/codeigniter4Julian/app/Database/Migrations/2026-10-06-000001_CreateUsers.php(44): CodeIgniter\Database\Forge->createTable('users')
#5 /Applications/MAMP/htdocs/codeigniter4Julian/system/Database/MigrationRunner.php(867): App\Database\Migrations\CreateUsers->up()
#6 /Applications/MAMP/htdocs/codeigniter4Julian/system/Database/MigrationRunner.php(183): CodeIgniter\Database\MigrationRunner->migrate('up', Object(stdClass))
#7 /Applications/MAMP/htdocs/codeigniter4Julian/system/Commands/Database/Migrate.php(85): CodeIgniter\Database\MigrationRunner->latest(NULL)
#8 /Applications/MAMP/htdocs/codeigniter4Julian/system/CLI/Commands.php(70): CodeIgniter\Commands\Database\Migrate->run(Array)
#9 /Applications/MAMP/htdocs/codeigniter4Julian/system/CLI/Console.php(48): CodeIgniter\CLI\Commands->run('migrate', Array)
#10 /Applications/MAMP/htdocs/codeigniter4Julian/system/Boot.php(351): CodeIgniter\CLI\Console->run()
#11 /Applications/MAMP/htdocs/codeigniter4Julian/system/Boot.php(104): CodeIgniter\Boot::runCommand(Object(CodeIgniter\CLI\Console))
#12 /Applications/MAMP/htdocs/codeigniter4Julian/spark(84): CodeIgniter\Boot::bootSpark(Object(Config\Paths))
#13 {main}
