CRITICAL - 2026-09-23 02:20:12 --> CodeIgniter\View\Exceptions\ViewException: Invalid file: "services.php"
[Method: GET, Route: services]
in SYSTEMPATH\Exceptions\FrameworkException.php on line 41.
 1 SYSTEMPATH\View\View.php(222): CodeIgniter\Exceptions\FrameworkException::forInvalidFile('services.php')
 2 SYSTEMPATH\Common.php(1171): CodeIgniter\View\View->render('services', [], true)
 3 APPPATH\Controllers\Services.php(14): view('services', [...])
 4 SYSTEMPATH\CodeIgniter.php(933): App\Controllers\Services->index()
 5 SYSTEMPATH\CodeIgniter.php(509): CodeIgniter\CodeIgniter->runController(Object(App\Controllers\Services))
 6 SYSTEMPATH\CodeIgniter.php(355): CodeIgniter\CodeIgniter->handleRequest(null, Object(Config\Cache), false)
 7 SYSTEMPATH\Boot.php(325): CodeIgniter\CodeIgniter->run()
 8 SYSTEMPATH\Boot.php(67): CodeIgniter\Boot::runCodeIgniter(Object(CodeIgniter\CodeIgniter))
 9 FCPATH\index.php(56): CodeIgniter\Boot::bootWeb(Object(Config\Paths))
CRITICAL - 2026-09-23 02:20:15 --> CodeIgniter\View\Exceptions\ViewException: Invalid file: "services.php"
[Method: GET, Route: services]
in SYSTEMPATH\Exceptions\FrameworkException.php on line 41.
 1 SYSTEMPATH\View\View.php(222): CodeIgniter\Exceptions\FrameworkException::forInvalidFile('services.php')
 2 SYSTEMPATH\Common.php(1171): CodeIgniter\View\View->render('services', [], true)
 3 APPPATH\Controllers\Services.php(14): view('services', [...])
 4 SYSTEMPATH\CodeIgniter.php(933): App\Controllers\Services->index()
 5 SYSTEMPATH\CodeIgniter.php(509): CodeIgniter\CodeIgniter->runController(Object(App\Controllers\Services))
 6 SYSTEMPATH\CodeIgniter.php(355): CodeIgniter\CodeIgniter->handleRequest(null, Object(Config\Cache), false)
 7 SYSTEMPATH\Boot.php(325): CodeIgniter\CodeIgniter->run()
 8 SYSTEMPATH\Boot.php(67): CodeIgniter\Boot::runCodeIgniter(Object(CodeIgniter\CodeIgniter))
 9 FCPATH\index.php(56): CodeIgniter\Boot::bootWeb(Object(Config\Paths))
